// Jest Snapshot v1, https://goo.gl/fbAQLP

exports[`BusinessPage should match snapshot 1`] = `
<div
  class="sc-cxabCf FKOKy"
>
  <header
    class="sc-efBctP eZxVPd"
  >
    <a
      href="/"
    >
      <img
        alt="home logo"
        class="sc-BeQoi"
        src="logo.png"
      />
    </a>
  </header>
  <div
    class="sc-cxabCf bsgFzP"
  >
    <div
      class="sc-cxabCf kaJeMk"
    >
      <img
        alt="Zazio cover photo"
        class="sc-BeQoi dRxsHj"
        src="https://images.unsplash.com/photo-1527015175922-36a306cf0e20?crop=entropy&cs=tinysrgb&fit=crop&fm=jpg&h=600&w=1000"
      />
    </div>
    <div
      class="sc-cxabCf cTSDup"
    >
      <div
        class="sc-cxabCf fBBkYE"
      >
        <section
          class="sc-bWXABl kZOqy"
        >
          <div
            class="sc-cxabCf sc-iJkHyd  bdVRyE"
          >
            address
          </div>
          <div
            class="sc-cxabCf sc-grVGCS  LTzaA"
          >
            84586 Straubel
          </div>
          <div
            class="sc-cxabCf sc-grVGCS  LTzaA"
          >
            Manchester, United Kingdom SG4
          </div>
        </section>
        <section
          class="sc-bWXABl"
        >
          <div
            class="sc-cxabCf sc-iJkHyd  bdVRyE"
          >
            contact
          </div>
          <div
            class="sc-cxabCf sc-grVGCS  LTzaA"
          >
            609-306-3610
          </div>
          <div
            class="sc-cxabCf sc-grVGCS  LTzaA"
          >
            igowanlock0@networkadvertising.org
          </div>
        </section>
      </div>
      <div
        class="sc-cxabCf cdUYaI"
      >
        <section
          class="sc-bWXABl kgzIGE"
        >
          <div
            class="sc-cxabCf sc-iJkHyd  bdVRyE"
          >
            nearby places
          </div>
          <table
            class="sc-WCkqM sc-kngDgl GQgxF bjOxoH"
          >
            <tbody
              class="sc-ikjQzJ"
            >
              <tr
                class="sc-jGprRt bYECWk"
              >
                <td
                  class="sc-tsFYE sc-afnQL fMNVnW RCrBC"
                >
                  Kimia
                </td>
                <td
                  class="sc-tsFYE sc-afnQL fMNVnW RCrBC"
                >
                  6 Tennyson, Manchester LS9
                </td>
              </tr>
              <tr
                class="sc-jGprRt bYECWk"
              >
                <td
                  class="sc-tsFYE sc-afnQL fMNVnW RCrBC"
                >
                  Pixoboo
                </td>
                <td
                  class="sc-tsFYE sc-afnQL fMNVnW RCrBC"
                >
                  7730 Sage, Manchester IV1
                </td>
              </tr>
              <tr
                class="sc-jGprRt bYECWk"
              >
                <td
                  class="sc-tsFYE sc-afnQL fMNVnW RCrBC"
                >
                  Dabvine
                </td>
                <td
                  class="sc-tsFYE sc-afnQL fMNVnW RCrBC"
                >
                  34 Mcbride, Manchester OX7
                </td>
              </tr>
            </tbody>
          </table>
        </section>
      </div>
    </div>
  </div>
</div>
`;

exports[`BusinessPage should render loading screen 1`] = `
<div
  class="sc-cxabCf FKOKy"
>
  <header
    class="sc-efBctP eZxVPd"
  >
    <a
      href="/"
    >
      <img
        alt="home logo"
        class="sc-BeQoi"
        src="logo.png"
      />
    </a>
  </header>
  <div
    class="sc-cxabCf bsgFzP"
  >
    <div
      class="sc-cxabCf kaJeMk"
    >
      <div>
        <span>
          Placeholder:
        </span>
        {
  "shape": "rect",
  "colorStart": "white",
  "width": "100%",
  "height": "100%"
}
      </div>
    </div>
    <div
      class="sc-cxabCf cTSDup"
    >
      <div
        class="sc-cxabCf fBBkYE"
      >
        <div>
          <span>
            Placeholder:
          </span>
          {
  "shape": "rect",
  "colorStart": "white",
  "width": "100%",
  "height": "50%"
}
        </div>
      </div>
      <div
        class="sc-cxabCf cdUYaI"
      >
        <div
          class="sc-cxabCf eWXKur"
        >
          <div>
            <span>
              Placeholder:
            </span>
            {
  "shape": "rect",
  "colorStart": "white",
  "width": "100%",
  "height": 60
}
          </div>
        </div>
        <div
          class="sc-cxabCf eWXKur"
        >
          <div>
            <span>
              Placeholder:
            </span>
            {
  "shape": "rect",
  "colorStart": "white",
  "width": "100%",
  "height": 60
}
          </div>
        </div>
        <div
          class="sc-cxabCf eWXKur"
        >
          <div>
            <span>
              Placeholder:
            </span>
            {
  "shape": "rect",
  "colorStart": "white",
  "width": "100%",
  "height": 60
}
          </div>
        </div>
        <div
          class="sc-cxabCf eWXKur"
        >
          <div>
            <span>
              Placeholder:
            </span>
            {
  "shape": "rect",
  "colorStart": "white",
  "width": "100%",
  "height": 60
}
          </div>
        </div>
      </div>
    </div>
  </div>
</div>
`;
