// Jest Snapshot v1, https://goo.gl/fbAQLP

exports[`Table should match snapshot 1`] = `
<table
  class="sc-WCkqM sc-grVGCS  eKfFBe"
>
  <thead
    class="sc-kYWVYA kzCKnj"
  >
    <tr
      class="sc-jGprRt dezIds"
    >
      <th
        class="sc-tsFYE sc-iJkHyd jgyunm JjpSb"
      >
        name
      </th>
      <th
        class="sc-tsFYE sc-iJkHyd jgyunm JjpSb"
      >
        description
      </th>
    </tr>
  </thead>
  <tbody
    class="sc-ikjQzJ"
  >
    <tr
      class="sc-jGprRt dBZKRU"
    >
      <td
        class="sc-tsFYE sc-iJkHyd liZNfH JjpSb"
      >
        name 0
      </td>
      <td
        class="sc-tsFYE sc-iJkHyd liZNfH JjpSb"
      >
        description 0
      </td>
    </tr>
    <tr
      class="sc-jGprRt dBZKRU"
    >
      <td
        class="sc-tsFYE sc-iJkHyd liZNfH JjpSb"
      >
        name 1
      </td>
      <td
        class="sc-tsFYE sc-iJkHyd liZNfH JjpSb"
      >
        description 1
      </td>
    </tr>
    <tr
      class="sc-jGprRt dBZKRU"
    >
      <td
        class="sc-tsFYE sc-iJkHyd liZNfH JjpSb"
      >
        name 2
      </td>
      <td
        class="sc-tsFYE sc-iJkHyd liZNfH JjpSb"
      >
        description 2
      </td>
    </tr>
    <tr
      class="sc-jGprRt dBZKRU"
    >
      <td
        class="sc-tsFYE sc-iJkHyd liZNfH JjpSb"
      >
        name 3
      </td>
      <td
        class="sc-tsFYE sc-iJkHyd liZNfH JjpSb"
      >
        description 3
      </td>
    </tr>
    <tr
      class="sc-jGprRt dBZKRU"
    >
      <td
        class="sc-tsFYE sc-iJkHyd liZNfH JjpSb"
      >
        name 4
      </td>
      <td
        class="sc-tsFYE sc-iJkHyd liZNfH JjpSb"
      >
        description 4
      </td>
    </tr>
  </tbody>
</table>
`;
